<?xml version="1.0" encoding="ISO-8859-1" ?>
<link_info>
   <banner>MSP430 Linker PC v20.2.1.LTS</banner>
   <copyright>Copyright (c) 2003-2018 Texas Instruments Incorporated</copyright>
   <link_time>0x60689bf8</link_time>
   <link_errors>0x0</link_errors>
   <output_file>Breakout.out</output_file>
   <entry_point>
      <name>_c_int00_noargs</name>
      <address>0x4400</address>
   </entry_point>
   <input_file_list>
      <input_file id="fl-2">
         <path>.\</path>
         <kind>object</kind>
         <file>graphics.obj</file>
         <name>graphics.obj</name>
      </input_file>
      <input_file id="fl-3">
         <path>.\</path>
         <kind>object</kind>
         <file>main.obj</file>
         <name>main.obj</name>
      </input_file>
      <input_file id="fl-4">
         <path>.\GrLib\fonts\</path>
         <kind>object</kind>
         <file>fontcm12.obj</file>
         <name>fontcm12.obj</name>
      </input_file>
      <input_file id="fl-5">
         <path>.\GrLib\fonts\</path>
         <kind>object</kind>
         <file>fontcm12b.obj</file>
         <name>fontcm12b.obj</name>
      </input_file>
      <input_file id="fl-6">
         <path>.\GrLib\fonts\</path>
         <kind>object</kind>
         <file>fontcm16.obj</file>
         <name>fontcm16.obj</name>
      </input_file>
      <input_file id="fl-7">
         <path>.\GrLib\fonts\</path>
         <kind>object</kind>
         <file>fontcmss12.obj</file>
         <name>fontcmss12.obj</name>
      </input_file>
      <input_file id="fl-8">
         <path>.\GrLib\fonts\</path>
         <kind>object</kind>
         <file>fontcmtt12.obj</file>
         <name>fontcmtt12.obj</name>
      </input_file>
      <input_file id="fl-9">
         <path>.\GrLib\fonts\</path>
         <kind>object</kind>
         <file>fontfixed6x8.obj</file>
         <name>fontfixed6x8.obj</name>
      </input_file>
      <input_file id="fl-a">
         <path>.\GrLib\grlib\</path>
         <kind>object</kind>
         <file>button.obj</file>
         <name>button.obj</name>
      </input_file>
      <input_file id="fl-b">
         <path>.\GrLib\grlib\</path>
         <kind>object</kind>
         <file>checkbox.obj</file>
         <name>checkbox.obj</name>
      </input_file>
      <input_file id="fl-c">
         <path>.\GrLib\grlib\</path>
         <kind>object</kind>
         <file>circle.obj</file>
         <name>circle.obj</name>
      </input_file>
      <input_file id="fl-d">
         <path>.\GrLib\grlib\</path>
         <kind>object</kind>
         <file>context.obj</file>
         <name>context.obj</name>
      </input_file>
      <input_file id="fl-e">
         <path>.\GrLib\grlib\</path>
         <kind>object</kind>
         <file>display.obj</file>
         <name>display.obj</name>
      </input_file>
      <input_file id="fl-f">
         <path>.\GrLib\grlib\</path>
         <kind>object</kind>
         <file>image.obj</file>
         <name>image.obj</name>
      </input_file>
      <input_file id="fl-10">
         <path>.\GrLib\grlib\</path>
         <kind>object</kind>
         <file>imageButton.obj</file>
         <name>imageButton.obj</name>
      </input_file>
      <input_file id="fl-11">
         <path>.\GrLib\grlib\</path>
         <kind>object</kind>
         <file>line.obj</file>
         <name>line.obj</name>
      </input_file>
      <input_file id="fl-12">
         <path>.\GrLib\grlib\</path>
         <kind>object</kind>
         <file>radioButton.obj</file>
         <name>radioButton.obj</name>
      </input_file>
      <input_file id="fl-13">
         <path>.\GrLib\grlib\</path>
         <kind>object</kind>
         <file>rectangle.obj</file>
         <name>rectangle.obj</name>
      </input_file>
      <input_file id="fl-14">
         <path>.\GrLib\grlib\</path>
         <kind>object</kind>
         <file>string.obj</file>
         <name>string.obj</name>
      </input_file>
      <input_file id="fl-15">
         <path>.\LcdDriver\</path>
         <kind>object</kind>
         <file>lcd_driver.obj</file>
         <name>lcd_driver.obj</name>
      </input_file>
      <input_file id="fl-16">
         <path>.\LcdDriver\</path>
         <kind>object</kind>
         <file>middle_driver.obj</file>
         <name>middle_driver.obj</name>
      </input_file>
      <input_file id="fl-1c">
         <kind>object</kind>
         <file>&lt;internal&gt;</file>
         <name>&lt;internal&gt;</name>
      </input_file>
      <input_file id="fl-37">
         <path>F:\General\Programs\ti\ccs\tools\compiler\ti-cgt-msp430_20.2.1.LTS\lib\</path>
         <kind>archive</kind>
         <file>rts430x_lc_rd_eabi.lib</file>
         <name>copy_decompress_lzss.c.obj</name>
      </input_file>
      <input_file id="fl-38">
         <path>F:\General\Programs\ti\ccs\tools\compiler\ti-cgt-msp430_20.2.1.LTS\lib\</path>
         <kind>archive</kind>
         <file>rts430x_lc_rd_eabi.lib</file>
         <name>copy_decompress_none.c.obj</name>
      </input_file>
      <input_file id="fl-39">
         <path>F:\General\Programs\ti\ccs\tools\compiler\ti-cgt-msp430_20.2.1.LTS\lib\</path>
         <kind>archive</kind>
         <file>rts430x_lc_rd_eabi.lib</file>
         <name>int27.asm.obj</name>
      </input_file>
      <input_file id="fl-3a">
         <path>F:\General\Programs\ti\ccs\tools\compiler\ti-cgt-msp430_20.2.1.LTS\lib\</path>
         <kind>archive</kind>
         <file>rts430x_lc_rd_eabi.lib</file>
         <name>isr_trap.asm.obj</name>
      </input_file>
      <input_file id="fl-3b">
         <path>F:\General\Programs\ti\ccs\tools\compiler\ti-cgt-msp430_20.2.1.LTS\lib\</path>
         <kind>archive</kind>
         <file>rts430x_lc_rd_eabi.lib</file>
         <name>int28.asm.obj</name>
      </input_file>
      <input_file id="fl-3c">
         <path>F:\General\Programs\ti\ccs\tools\compiler\ti-cgt-msp430_20.2.1.LTS\lib\</path>
         <kind>archive</kind>
         <file>rts430x_lc_rd_eabi.lib</file>
         <name>int29.asm.obj</name>
      </input_file>
      <input_file id="fl-3d">
         <path>F:\General\Programs\ti\ccs\tools\compiler\ti-cgt-msp430_20.2.1.LTS\lib\</path>
         <kind>archive</kind>
         <file>rts430x_lc_rd_eabi.lib</file>
         <name>int30.asm.obj</name>
      </input_file>
      <input_file id="fl-3e">
         <path>F:\General\Programs\ti\ccs\tools\compiler\ti-cgt-msp430_20.2.1.LTS\lib\</path>
         <kind>archive</kind>
         <file>rts430x_lc_rd_eabi.lib</file>
         <name>int31.asm.obj</name>
      </input_file>
      <input_file id="fl-3f">
         <path>F:\General\Programs\ti\ccs\tools\compiler\ti-cgt-msp430_20.2.1.LTS\lib\</path>
         <kind>archive</kind>
         <file>rts430x_lc_rd_eabi.lib</file>
         <name>int32.asm.obj</name>
      </input_file>
      <input_file id="fl-40">
         <path>F:\General\Programs\ti\ccs\tools\compiler\ti-cgt-msp430_20.2.1.LTS\lib\</path>
         <kind>archive</kind>
         <file>rts430x_lc_rd_eabi.lib</file>
         <name>int33.asm.obj</name>
      </input_file>
      <input_file id="fl-41">
         <path>F:\General\Programs\ti\ccs\tools\compiler\ti-cgt-msp430_20.2.1.LTS\lib\</path>
         <kind>archive</kind>
         <file>rts430x_lc_rd_eabi.lib</file>
         <name>int34.asm.obj</name>
      </input_file>
      <input_file id="fl-42">
         <path>F:\General\Programs\ti\ccs\tools\compiler\ti-cgt-msp430_20.2.1.LTS\lib\</path>
         <kind>archive</kind>
         <file>rts430x_lc_rd_eabi.lib</file>
         <name>int35.asm.obj</name>
      </input_file>
      <input_file id="fl-43">
         <path>F:\General\Programs\ti\ccs\tools\compiler\ti-cgt-msp430_20.2.1.LTS\lib\</path>
         <kind>archive</kind>
         <file>rts430x_lc_rd_eabi.lib</file>
         <name>int36.asm.obj</name>
      </input_file>
      <input_file id="fl-44">
         <path>F:\General\Programs\ti\ccs\tools\compiler\ti-cgt-msp430_20.2.1.LTS\lib\</path>
         <kind>archive</kind>
         <file>rts430x_lc_rd_eabi.lib</file>
         <name>int37.asm.obj</name>
      </input_file>
      <input_file id="fl-45">
         <path>F:\General\Programs\ti\ccs\tools\compiler\ti-cgt-msp430_20.2.1.LTS\lib\</path>
         <kind>archive</kind>
         <file>rts430x_lc_rd_eabi.lib</file>
         <name>int38.asm.obj</name>
      </input_file>
      <input_file id="fl-46">
         <path>F:\General\Programs\ti\ccs\tools\compiler\ti-cgt-msp430_20.2.1.LTS\lib\</path>
         <kind>archive</kind>
         <file>rts430x_lc_rd_eabi.lib</file>
         <name>int39.asm.obj</name>
      </input_file>
      <input_file id="fl-47">
         <path>F:\General\Programs\ti\ccs\tools\compiler\ti-cgt-msp430_20.2.1.LTS\lib\</path>
         <kind>archive</kind>
         <file>rts430x_lc_rd_eabi.lib</file>
         <name>int40.asm.obj</name>
      </input_file>
      <input_file id="fl-48">
         <path>F:\General\Programs\ti\ccs\tools\compiler\ti-cgt-msp430_20.2.1.LTS\lib\</path>
         <kind>archive</kind>
         <file>rts430x_lc_rd_eabi.lib</file>
         <name>int41.asm.obj</name>
      </input_file>
      <input_file id="fl-49">
         <path>F:\General\Programs\ti\ccs\tools\compiler\ti-cgt-msp430_20.2.1.LTS\lib\</path>
         <kind>archive</kind>
         <file>rts430x_lc_rd_eabi.lib</file>
         <name>int42.asm.obj</name>
      </input_file>
      <input_file id="fl-4a">
         <path>F:\General\Programs\ti\ccs\tools\compiler\ti-cgt-msp430_20.2.1.LTS\lib\</path>
         <kind>archive</kind>
         <file>rts430x_lc_rd_eabi.lib</file>
         <name>int43.asm.obj</name>
      </input_file>
      <input_file id="fl-4b">
         <path>F:\General\Programs\ti\ccs\tools\compiler\ti-cgt-msp430_20.2.1.LTS\lib\</path>
         <kind>archive</kind>
         <file>rts430x_lc_rd_eabi.lib</file>
         <name>int44.asm.obj</name>
      </input_file>
      <input_file id="fl-4c">
         <path>F:\General\Programs\ti\ccs\tools\compiler\ti-cgt-msp430_20.2.1.LTS\lib\</path>
         <kind>archive</kind>
         <file>rts430x_lc_rd_eabi.lib</file>
         <name>int45.asm.obj</name>
      </input_file>
      <input_file id="fl-4d">
         <path>F:\General\Programs\ti\ccs\tools\compiler\ti-cgt-msp430_20.2.1.LTS\lib\</path>
         <kind>archive</kind>
         <file>rts430x_lc_rd_eabi.lib</file>
         <name>int46.asm.obj</name>
      </input_file>
      <input_file id="fl-4e">
         <path>F:\General\Programs\ti\ccs\tools\compiler\ti-cgt-msp430_20.2.1.LTS\lib\</path>
         <kind>archive</kind>
         <file>rts430x_lc_rd_eabi.lib</file>
         <name>int47.asm.obj</name>
      </input_file>
      <input_file id="fl-4f">
         <path>F:\General\Programs\ti\ccs\tools\compiler\ti-cgt-msp430_20.2.1.LTS\lib\</path>
         <kind>archive</kind>
         <file>rts430x_lc_rd_eabi.lib</file>
         <name>int48.asm.obj</name>
      </input_file>
      <input_file id="fl-50">
         <path>F:\General\Programs\ti\ccs\tools\compiler\ti-cgt-msp430_20.2.1.LTS\lib\</path>
         <kind>archive</kind>
         <file>rts430x_lc_rd_eabi.lib</file>
         <name>int49.asm.obj</name>
      </input_file>
      <input_file id="fl-51">
         <path>F:\General\Programs\ti\ccs\tools\compiler\ti-cgt-msp430_20.2.1.LTS\lib\</path>
         <kind>archive</kind>
         <file>rts430x_lc_rd_eabi.lib</file>
         <name>int50.asm.obj</name>
      </input_file>
      <input_file id="fl-52">
         <path>F:\General\Programs\ti\ccs\tools\compiler\ti-cgt-msp430_20.2.1.LTS\lib\</path>
         <kind>archive</kind>
         <file>rts430x_lc_rd_eabi.lib</file>
         <name>int51.asm.obj</name>
      </input_file>
      <input_file id="fl-53">
         <path>F:\General\Programs\ti\ccs\tools\compiler\ti-cgt-msp430_20.2.1.LTS\lib\</path>
         <kind>archive</kind>
         <file>rts430x_lc_rd_eabi.lib</file>
         <name>int52.asm.obj</name>
      </input_file>
      <input_file id="fl-54">
         <path>F:\General\Programs\ti\ccs\tools\compiler\ti-cgt-msp430_20.2.1.LTS\lib\</path>
         <kind>archive</kind>
         <file>rts430x_lc_rd_eabi.lib</file>
         <name>int53.asm.obj</name>
      </input_file>
      <input_file id="fl-55">
         <path>F:\General\Programs\ti\ccs\tools\compiler\ti-cgt-msp430_20.2.1.LTS\lib\</path>
         <kind>archive</kind>
         <file>rts430x_lc_rd_eabi.lib</file>
         <name>int54.asm.obj</name>
      </input_file>
      <input_file id="fl-56">
         <path>F:\General\Programs\ti\ccs\tools\compiler\ti-cgt-msp430_20.2.1.LTS\lib\</path>
         <kind>archive</kind>
         <file>rts430x_lc_rd_eabi.lib</file>
         <name>copy_zero_init.c.obj</name>
      </input_file>
      <input_file id="fl-57">
         <path>F:\General\Programs\ti\ccs\tools\compiler\ti-cgt-msp430_20.2.1.LTS\lib\</path>
         <kind>archive</kind>
         <file>rts430x_lc_rd_eabi.lib</file>
         <name>div16s.asm.obj</name>
      </input_file>
      <input_file id="fl-58">
         <path>F:\General\Programs\ti\ccs\tools\compiler\ti-cgt-msp430_20.2.1.LTS\lib\</path>
         <kind>archive</kind>
         <file>rts430x_lc_rd_eabi.lib</file>
         <name>div32s.asm.obj</name>
      </input_file>
      <input_file id="fl-59">
         <path>F:\General\Programs\ti\ccs\tools\compiler\ti-cgt-msp430_20.2.1.LTS\lib\</path>
         <kind>archive</kind>
         <file>rts430x_lc_rd_eabi.lib</file>
         <name>div16u.asm.obj</name>
      </input_file>
      <input_file id="fl-5a">
         <path>F:\General\Programs\ti\ccs\tools\compiler\ti-cgt-msp430_20.2.1.LTS\lib\</path>
         <kind>archive</kind>
         <file>rts430x_lc_rd_eabi.lib</file>
         <name>div32u.asm.obj</name>
      </input_file>
      <input_file id="fl-5b">
         <path>F:\General\Programs\ti\ccs\tools\compiler\ti-cgt-msp430_20.2.1.LTS\lib\</path>
         <kind>archive</kind>
         <file>rts430x_lc_rd_eabi.lib</file>
         <name>mult16.asm.obj</name>
      </input_file>
      <input_file id="fl-5c">
         <path>F:\General\Programs\ti\ccs\tools\compiler\ti-cgt-msp430_20.2.1.LTS\lib\</path>
         <kind>archive</kind>
         <file>rts430x_lc_rd_eabi.lib</file>
         <name>mult16_f5hw.asm.obj</name>
      </input_file>
      <input_file id="fl-5d">
         <path>F:\General\Programs\ti\ccs\tools\compiler\ti-cgt-msp430_20.2.1.LTS\lib\</path>
         <kind>archive</kind>
         <file>rts430x_lc_rd_eabi.lib</file>
         <name>mult32.asm.obj</name>
      </input_file>
      <input_file id="fl-5e">
         <path>F:\General\Programs\ti\ccs\tools\compiler\ti-cgt-msp430_20.2.1.LTS\lib\</path>
         <kind>archive</kind>
         <file>rts430x_lc_rd_eabi.lib</file>
         <name>mult32_f5hw.asm.obj</name>
      </input_file>
      <input_file id="fl-5f">
         <path>F:\General\Programs\ti\ccs\tools\compiler\ti-cgt-msp430_20.2.1.LTS\lib\</path>
         <kind>archive</kind>
         <file>rts430x_lc_rd_eabi.lib</file>
         <name>mult64_f5hw.asm.obj</name>
      </input_file>
      <input_file id="fl-60">
         <path>F:\General\Programs\ti\ccs\tools\compiler\ti-cgt-msp430_20.2.1.LTS\lib\</path>
         <kind>archive</kind>
         <file>rts430x_lc_rd_eabi.lib</file>
         <name>mult1632_f5hw.asm.obj</name>
      </input_file>
      <input_file id="fl-61">
         <path>F:\General\Programs\ti\ccs\tools\compiler\ti-cgt-msp430_20.2.1.LTS\lib\</path>
         <kind>archive</kind>
         <file>rts430x_lc_rd_eabi.lib</file>
         <name>mult3264_f5hw.asm.obj</name>
      </input_file>
      <input_file id="fl-62">
         <path>F:\General\Programs\ti\ccs\tools\compiler\ti-cgt-msp430_20.2.1.LTS\lib\</path>
         <kind>archive</kind>
         <file>rts430x_lc_rd_eabi.lib</file>
         <name>lsl16.asm.obj</name>
      </input_file>
      <input_file id="fl-63">
         <path>F:\General\Programs\ti\ccs\tools\compiler\ti-cgt-msp430_20.2.1.LTS\lib\</path>
         <kind>archive</kind>
         <file>rts430x_lc_rd_eabi.lib</file>
         <name>lsr16.asm.obj</name>
      </input_file>
      <input_file id="fl-64">
         <path>F:\General\Programs\ti\ccs\tools\compiler\ti-cgt-msp430_20.2.1.LTS\lib\</path>
         <kind>archive</kind>
         <file>rts430x_lc_rd_eabi.lib</file>
         <name>lsr32.asm.obj</name>
      </input_file>
      <input_file id="fl-65">
         <path>F:\General\Programs\ti\ccs\tools\compiler\ti-cgt-msp430_20.2.1.LTS\lib\</path>
         <kind>archive</kind>
         <file>rts430x_lc_rd_eabi.lib</file>
         <name>boot.c.obj</name>
      </input_file>
      <input_file id="fl-66">
         <path>F:\General\Programs\ti\ccs\tools\compiler\ti-cgt-msp430_20.2.1.LTS\lib\</path>
         <kind>archive</kind>
         <file>rts430x_lc_rd_eabi.lib</file>
         <name>mpu_init.c.obj</name>
      </input_file>
      <input_file id="fl-67">
         <path>F:\General\Programs\ti\ccs\tools\compiler\ti-cgt-msp430_20.2.1.LTS\lib\</path>
         <kind>archive</kind>
         <file>rts430x_lc_rd_eabi.lib</file>
         <name>args_main.c.obj</name>
      </input_file>
      <input_file id="fl-68">
         <path>F:\General\Programs\ti\ccs\tools\compiler\ti-cgt-msp430_20.2.1.LTS\lib\</path>
         <kind>archive</kind>
         <file>rts430x_lc_rd_eabi.lib</file>
         <name>autoinit.c.obj</name>
      </input_file>
      <input_file id="fl-69">
         <path>F:\General\Programs\ti\ccs\tools\compiler\ti-cgt-msp430_20.2.1.LTS\lib\</path>
         <kind>archive</kind>
         <file>rts430x_lc_rd_eabi.lib</file>
         <name>startup.c.obj</name>
      </input_file>
      <input_file id="fl-6a">
         <path>F:\General\Programs\ti\ccs\tools\compiler\ti-cgt-msp430_20.2.1.LTS\lib\</path>
         <kind>archive</kind>
         <file>rts430x_lc_rd_eabi.lib</file>
         <name>pre_init.c.obj</name>
      </input_file>
      <input_file id="fl-6b">
         <path>F:\General\Programs\ti\ccs\tools\compiler\ti-cgt-msp430_20.2.1.LTS\lib\</path>
         <kind>archive</kind>
         <file>rts430x_lc_rd_eabi.lib</file>
         <name>cpy_tbl.c.obj</name>
      </input_file>
      <input_file id="fl-6c">
         <path>F:\General\Programs\ti\ccs\tools\compiler\ti-cgt-msp430_20.2.1.LTS\lib\</path>
         <kind>archive</kind>
         <file>rts430x_lc_rd_eabi.lib</file>
         <name>exit.c.obj</name>
      </input_file>
      <input_file id="fl-6d">
         <path>F:\General\Programs\ti\ccs\tools\compiler\ti-cgt-msp430_20.2.1.LTS\lib\</path>
         <kind>archive</kind>
         <file>rts430x_lc_rd_eabi.lib</file>
         <name>exit_gvars.c.obj</name>
      </input_file>
      <input_file id="fl-6e">
         <path>F:\General\Programs\ti\ccs\tools\compiler\ti-cgt-msp430_20.2.1.LTS\lib\</path>
         <kind>archive</kind>
         <file>rts430x_lc_rd_eabi.lib</file>
         <name>_lock.c.obj</name>
      </input_file>
      <input_file id="fl-6f">
         <path>F:\General\Programs\ti\ccs\tools\compiler\ti-cgt-msp430_20.2.1.LTS\lib\</path>
         <kind>archive</kind>
         <file>rts430x_lc_rd_eabi.lib</file>
         <name>memcpy.c.obj</name>
      </input_file>
   </input_file_list>
   <object_component_list>
      <object_component id="oc-907">
         <name>.cinit..bss.load</name>
         <load_address>0x4822</load_address>
         <run_address>0x4822</run_address>
         <size>0x6</size>
      </object_component>
      <object_component id="oc-905">
         <name>__TI_handler_table</name>
         <load_address>0x4828</load_address>
         <run_address>0x4828</run_address>
         <size>0x4</size>
      </object_component>
      <object_component id="oc-906">
         <name>__TI_cinit_table</name>
         <load_address>0x482c</load_address>
         <run_address>0x482c</run_address>
         <size>0x8</size>
      </object_component>
      <object_component id="oc-895">
         <name>.binit</name>
         <load_address>0x4400</load_address>
         <run_address>0x4400</run_address>
         <size>0x0</size>
      </object_component>
      <object_component id="oc-7f2">
         <name>.const:.string:g_pucFontFixed6x8Data</name>
         <load_address>0x4424</load_address>
         <run_address>0x4424</run_address>
         <size>0x2f8</size>
         <input_file_ref idref="fl-9"/>
      </object_component>
      <object_component id="oc-74c">
         <name>.const:g_sFontFixed6x8</name>
         <load_address>0x471c</load_address>
         <run_address>0x471c</run_address>
         <size>0xc8</size>
         <input_file_ref idref="fl-9"/>
      </object_component>
      <object_component id="oc-737">
         <name>.const:g_sCrystalfontz128x128</name>
         <load_address>0x47e4</load_address>
         <run_address>0x47e4</run_address>
         <size>0x2c</size>
         <input_file_ref idref="fl-15"/>
      </object_component>
      <object_component id="oc-6b9">
         <name>.const:.string</name>
         <load_address>0x4810</load_address>
         <run_address>0x4810</run_address>
         <size>0xa</size>
         <input_file_ref idref="fl-3"/>
      </object_component>
      <object_component id="oc-866">
         <name>.const:$P$T0$1</name>
         <load_address>0x481a</load_address>
         <run_address>0x481a</run_address>
         <size>0x8</size>
         <input_file_ref idref="fl-15"/>
      </object_component>
      <object_component id="oc-63b">
         <name>.text:_isr:_c_int00_noargs</name>
         <load_address>0x4400</load_address>
         <run_address>0x4400</run_address>
         <size>0x1c</size>
         <input_file_ref idref="fl-65"/>
      </object_component>
      <object_component id="oc-624">
         <name>.text:_isr:__TI_ISR_TRAP</name>
         <load_address>0x441c</load_address>
         <run_address>0x441c</run_address>
         <size>0x8</size>
         <input_file_ref idref="fl-3a"/>
      </object_component>
      <object_component id="oc-768">
         <name>.text:Graphics_drawString</name>
         <load_address>0x10000</load_address>
         <run_address>0x10000</run_address>
         <size>0x810</size>
         <input_file_ref idref="fl-14"/>
      </object_component>
      <object_component id="oc-7bc">
         <name>.text:Crystalfontz128x128_PixelDrawMultiple</name>
         <load_address>0x10810</load_address>
         <run_address>0x10810</run_address>
         <size>0x13c</size>
         <input_file_ref idref="fl-15"/>
      </object_component>
      <object_component id="oc-6ad">
         <name>.text:Crystalfontz128x128_Init</name>
         <load_address>0x1094c</load_address>
         <run_address>0x1094c</run_address>
         <size>0x11a</size>
         <input_file_ref idref="fl-15"/>
      </object_component>
      <object_component id="oc-814">
         <name>.text:Graphics_drawLineH</name>
         <load_address>0x10a66</load_address>
         <run_address>0x10a66</run_address>
         <size>0xdc</size>
         <input_file_ref idref="fl-11"/>
      </object_component>
      <object_component id="oc-75d">
         <name>.text:Graphics_getStringWidth</name>
         <load_address>0x10b42</load_address>
         <run_address>0x10b42</run_address>
         <size>0xc2</size>
         <input_file_ref idref="fl-14"/>
      </object_component>
      <object_component id="oc-72a">
         <name>.text:Crystalfontz128x128_SetDrawFrame</name>
         <load_address>0x10c04</load_address>
         <run_address>0x10c04</run_address>
         <size>0xa8</size>
         <input_file_ref idref="fl-15"/>
      </object_component>
      <object_component id="oc-6ba">
         <name>.text:Graphics_drawStringCentered</name>
         <load_address>0x10cac</load_address>
         <run_address>0x10cac</run_address>
         <size>0x78</size>
         <input_file_ref idref="fl-14"/>
      </object_component>
      <object_component id="oc-685">
         <name>.text:main</name>
         <load_address>0x10d24</load_address>
         <run_address>0x10d24</run_address>
         <size>0x62</size>
         <input_file_ref idref="fl-3"/>
      </object_component>
      <object_component id="oc-7ce">
         <name>.text:Crystalfontz128x128_RectFill</name>
         <load_address>0x10d86</load_address>
         <run_address>0x10d86</run_address>
         <size>0x5a</size>
         <input_file_ref idref="fl-15"/>
      </object_component>
      <object_component id="oc-803">
         <name>.text</name>
         <load_address>0x10de0</load_address>
         <run_address>0x10de0</run_address>
         <size>0x58</size>
         <input_file_ref idref="fl-5a"/>
      </object_component>
      <object_component id="oc-6ef">
         <name>.text:__TI_auto_init_nobinit_nopinit_hold_wdt:__TI_auto_init_nobinit_nopinit_hold_wdt</name>
         <load_address>0x10e38</load_address>
         <run_address>0x10e38</run_address>
         <size>0x54</size>
         <input_file_ref idref="fl-68"/>
      </object_component>
      <object_component id="oc-80e">
         <name>.text:Graphics_getNumberOfLeadingZeros</name>
         <load_address>0x10e8c</load_address>
         <run_address>0x10e8c</run_address>
         <size>0x4a</size>
         <input_file_ref idref="fl-14"/>
      </object_component>
      <object_component id="oc-6b3">
         <name>.text:Initialize_Graphics</name>
         <load_address>0x10ed6</load_address>
         <run_address>0x10ed6</run_address>
         <size>0x4a</size>
         <input_file_ref idref="fl-2"/>
      </object_component>
      <object_component id="oc-731">
         <name>.text:Crystalfontz128x128_SetOrientation</name>
         <load_address>0x10f20</load_address>
         <run_address>0x10f20</run_address>
         <size>0x46</size>
         <input_file_ref idref="fl-15"/>
      </object_component>
      <object_component id="oc-7d4">
         <name>.text:Crystalfontz128x128_ColorTranslate</name>
         <load_address>0x10f66</load_address>
         <run_address>0x10f66</run_address>
         <size>0x42</size>
         <input_file_ref idref="fl-15"/>
      </object_component>
      <object_component id="oc-710">
         <name>.text:HAL_LCD_SpiInit</name>
         <load_address>0x10fa8</load_address>
         <run_address>0x10fa8</run_address>
         <size>0x42</size>
         <input_file_ref idref="fl-16"/>
      </object_component>
      <object_component id="oc-763">
         <name>.text</name>
         <load_address>0x10fea</load_address>
         <run_address>0x10fea</run_address>
         <size>0x40</size>
         <input_file_ref idref="fl-58"/>
      </object_component>
      <object_component id="oc-85f">
         <name>.text:l_lsr_const</name>
         <load_address>0x1102a</load_address>
         <run_address>0x1102a</run_address>
         <size>0x3e</size>
         <input_file_ref idref="fl-64"/>
      </object_component>
      <object_component id="oc-7c8">
         <name>.text:Crystalfontz128x128_LineDrawV</name>
         <load_address>0x11068</load_address>
         <run_address>0x11068</run_address>
         <size>0x3c</size>
         <input_file_ref idref="fl-15"/>
      </object_component>
      <object_component id="oc-73a">
         <name>.text:Graphics_initContext</name>
         <load_address>0x110a4</load_address>
         <run_address>0x110a4</run_address>
         <size>0x3c</size>
         <input_file_ref idref="fl-d"/>
      </object_component>
      <object_component id="oc-7c2">
         <name>.text:Crystalfontz128x128_LineDrawH</name>
         <load_address>0x110e0</load_address>
         <run_address>0x110e0</run_address>
         <size>0x3a</size>
         <input_file_ref idref="fl-15"/>
      </object_component>
      <object_component id="oc-7e0">
         <name>.text:Crystalfontz128x128_ClearScreen</name>
         <load_address>0x1111a</load_address>
         <run_address>0x1111a</run_address>
         <size>0x30</size>
         <input_file_ref idref="fl-15"/>
      </object_component>
      <object_component id="oc-7b6">
         <name>.text:Crystalfontz128x128_PixelDraw</name>
         <load_address>0x1114a</load_address>
         <run_address>0x1114a</run_address>
         <size>0x2e</size>
         <input_file_ref idref="fl-15"/>
      </object_component>
      <object_component id="oc-70a">
         <name>.text:HAL_LCD_PortInit</name>
         <load_address>0x11178</load_address>
         <run_address>0x11178</run_address>
         <size>0x2a</size>
         <input_file_ref idref="fl-16"/>
      </object_component>
      <object_component id="oc-629">
         <name>.text:decompress:ZI:__TI_zero_init_nomemset:__TI_zero_init_nomemset</name>
         <load_address>0x111a2</load_address>
         <run_address>0x111a2</run_address>
         <size>0x24</size>
         <input_file_ref idref="fl-56"/>
      </object_component>
      <object_component id="oc-876">
         <name>.text:Graphics_drawHorizontalLineOnDisplay</name>
         <load_address>0x111c6</load_address>
         <run_address>0x111c6</run_address>
         <size>0x1a</size>
         <input_file_ref idref="fl-e"/>
      </object_component>
      <object_component id="oc-740">
         <name>.text:Graphics_setBackgroundColor</name>
         <load_address>0x111e0</load_address>
         <run_address>0x111e0</run_address>
         <size>0x18</size>
         <input_file_ref idref="fl-d"/>
      </object_component>
      <object_component id="oc-746">
         <name>.text:Graphics_setForegroundColor</name>
         <load_address>0x111f8</load_address>
         <run_address>0x111f8</run_address>
         <size>0x18</size>
         <input_file_ref idref="fl-d"/>
      </object_component>
      <object_component id="oc-849">
         <name>.text</name>
         <load_address>0x11210</load_address>
         <run_address>0x11210</run_address>
         <size>0x18</size>
         <input_file_ref idref="fl-5c"/>
      </object_component>
      <object_component id="oc-716">
         <name>.text:HAL_LCD_writeCommand</name>
         <load_address>0x11228</load_address>
         <run_address>0x11228</run_address>
         <size>0x16</size>
         <input_file_ref idref="fl-16"/>
      </object_component>
      <object_component id="oc-617">
         <name>.text:memcpy</name>
         <load_address>0x1123e</load_address>
         <run_address>0x1123e</run_address>
         <size>0x14</size>
         <input_file_ref idref="fl-6f"/>
      </object_component>
      <object_component id="oc-755">
         <name>.text:Graphics_clearDisplay</name>
         <load_address>0x11252</load_address>
         <run_address>0x11252</run_address>
         <size>0x10</size>
         <input_file_ref idref="fl-d"/>
      </object_component>
      <object_component id="oc-7f9">
         <name>.text:Graphics_clearDisplayOnDisplay</name>
         <load_address>0x11262</load_address>
         <run_address>0x11262</run_address>
         <size>0xe</size>
         <input_file_ref idref="fl-e"/>
      </object_component>
      <object_component id="oc-81a">
         <name>.text:Graphics_drawPixelOnDisplay</name>
         <load_address>0x11270</load_address>
         <run_address>0x11270</run_address>
         <size>0xe</size>
         <input_file_ref idref="fl-e"/>
      </object_component>
      <object_component id="oc-7ea">
         <name>.text:Graphics_translateColorOnDisplay</name>
         <load_address>0x1127e</load_address>
         <run_address>0x1127e</run_address>
         <size>0xe</size>
         <input_file_ref idref="fl-e"/>
      </object_component>
      <object_component id="oc-71c">
         <name>.text:HAL_LCD_writeData</name>
         <load_address>0x1128c</load_address>
         <run_address>0x1128c</run_address>
         <size>0xe</size>
         <input_file_ref idref="fl-16"/>
      </object_component>
      <object_component id="oc-809">
         <name>.text</name>
         <load_address>0x1129a</load_address>
         <run_address>0x1129a</run_address>
         <size>0xa</size>
         <input_file_ref idref="fl-62"/>
      </object_component>
      <object_component id="oc-856">
         <name>.text</name>
         <load_address>0x112a4</load_address>
         <run_address>0x112a4</run_address>
         <size>0xa</size>
         <input_file_ref idref="fl-63"/>
      </object_component>
      <object_component id="oc-74f">
         <name>.text:Graphics_setFont</name>
         <load_address>0x112ae</load_address>
         <run_address>0x112ae</run_address>
         <size>0x6</size>
         <input_file_ref idref="fl-d"/>
      </object_component>
      <object_component id="oc-6cb">
         <name>.text:abort</name>
         <load_address>0x112b4</load_address>
         <run_address>0x112b4</run_address>
         <size>0x6</size>
         <input_file_ref idref="fl-6c"/>
      </object_component>
      <object_component id="oc-67f">
         <name>.text:_system_pre_init</name>
         <load_address>0x112ba</load_address>
         <run_address>0x112ba</run_address>
         <size>0x4</size>
         <input_file_ref idref="fl-6a"/>
      </object_component>
      <object_component id="oc-7da">
         <name>.text:Crystalfontz128x128_Flush</name>
         <load_address>0x112be</load_address>
         <run_address>0x112be</run_address>
         <size>0x2</size>
         <input_file_ref idref="fl-15"/>
      </object_component>
      <object_component id="oc-787">
         <name>.text:_system_post_cinit</name>
         <load_address>0x112c0</load_address>
         <run_address>0x112c0</run_address>
         <size>0x2</size>
         <input_file_ref idref="fl-69"/>
      </object_component>
      <object_component id="oc-7b3">
         <name>.common:Lcd_Orientation</name>
         <uninitialized>true</uninitialized>
         <run_address>0x1c08</run_address>
         <size>0x1</size>
      </object_component>
      <object_component id="oc-722">
         <name>.common:Lcd_ScreenWidth</name>
         <uninitialized>true</uninitialized>
         <run_address>0x1c02</run_address>
         <size>0x2</size>
      </object_component>
      <object_component id="oc-725">
         <name>.common:Lcd_ScreenHeigth</name>
         <uninitialized>true</uninitialized>
         <run_address>0x1c00</run_address>
         <size>0x2</size>
      </object_component>
      <object_component id="oc-726">
         <name>.common:Lcd_PenSolid</name>
         <uninitialized>true</uninitialized>
         <run_address>0x1c09</run_address>
         <size>0x1</size>
      </object_component>
      <object_component id="oc-727">
         <name>.common:Lcd_FontSolid</name>
         <uninitialized>true</uninitialized>
         <run_address>0x1c07</run_address>
         <size>0x1</size>
      </object_component>
      <object_component id="oc-728">
         <name>.common:Lcd_FlagRead</name>
         <uninitialized>true</uninitialized>
         <run_address>0x1c06</run_address>
         <size>0x1</size>
      </object_component>
      <object_component id="oc-729">
         <name>.common:Lcd_TouchTrim</name>
         <uninitialized>true</uninitialized>
         <run_address>0x1c04</run_address>
         <size>0x2</size>
      </object_component>
      <object_component id="oc-608">
         <name>.stack</name>
         <uninitialized>true</uninitialized>
         <run_address>0x2360</run_address>
         <size>0x4</size>
         <input_file_ref idref="fl-65"/>
      </object_component>
      <object_component id="oc-908">
         <name>.stack</name>
         <uninitialized>true</uninitialized>
         <run_address>0x2360</run_address>
         <size>0x0</size>
      </object_component>
      <object_component id="oc-86">
         <name>.int27</name>
         <load_address>0xffc6</load_address>
         <run_address>0xffc6</run_address>
         <size>0x2</size>
         <input_file_ref idref="fl-39"/>
      </object_component>
      <object_component id="oc-87">
         <name>.int28</name>
         <load_address>0xffc8</load_address>
         <run_address>0xffc8</run_address>
         <size>0x2</size>
         <input_file_ref idref="fl-3b"/>
      </object_component>
      <object_component id="oc-88">
         <name>.int29</name>
         <load_address>0xffca</load_address>
         <run_address>0xffca</run_address>
         <size>0x2</size>
         <input_file_ref idref="fl-3c"/>
      </object_component>
      <object_component id="oc-89">
         <name>.int30</name>
         <load_address>0xffcc</load_address>
         <run_address>0xffcc</run_address>
         <size>0x2</size>
         <input_file_ref idref="fl-3d"/>
      </object_component>
      <object_component id="oc-8a">
         <name>.int31</name>
         <load_address>0xffce</load_address>
         <run_address>0xffce</run_address>
         <size>0x2</size>
         <input_file_ref idref="fl-3e"/>
      </object_component>
      <object_component id="oc-8b">
         <name>.int32</name>
         <load_address>0xffd0</load_address>
         <run_address>0xffd0</run_address>
         <size>0x2</size>
         <input_file_ref idref="fl-3f"/>
      </object_component>
      <object_component id="oc-8c">
         <name>.int33</name>
         <load_address>0xffd2</load_address>
         <run_address>0xffd2</run_address>
         <size>0x2</size>
         <input_file_ref idref="fl-40"/>
      </object_component>
      <object_component id="oc-8d">
         <name>.int34</name>
         <load_address>0xffd4</load_address>
         <run_address>0xffd4</run_address>
         <size>0x2</size>
         <input_file_ref idref="fl-41"/>
      </object_component>
      <object_component id="oc-8e">
         <name>.int35</name>
         <load_address>0xffd6</load_address>
         <run_address>0xffd6</run_address>
         <size>0x2</size>
         <input_file_ref idref="fl-42"/>
      </object_component>
      <object_component id="oc-8f">
         <name>.int36</name>
         <load_address>0xffd8</load_address>
         <run_address>0xffd8</run_address>
         <size>0x2</size>
         <input_file_ref idref="fl-43"/>
      </object_component>
      <object_component id="oc-90">
         <name>.int37</name>
         <load_address>0xffda</load_address>
         <run_address>0xffda</run_address>
         <size>0x2</size>
         <input_file_ref idref="fl-44"/>
      </object_component>
      <object_component id="oc-91">
         <name>.int38</name>
         <load_address>0xffdc</load_address>
         <run_address>0xffdc</run_address>
         <size>0x2</size>
         <input_file_ref idref="fl-45"/>
      </object_component>
      <object_component id="oc-92">
         <name>.int39</name>
         <load_address>0xffde</load_address>
         <run_address>0xffde</run_address>
         <size>0x2</size>
         <input_file_ref idref="fl-46"/>
      </object_component>
      <object_component id="oc-93">
         <name>.int40</name>
         <load_address>0xffe0</load_address>
         <run_address>0xffe0</run_address>
         <size>0x2</size>
         <input_file_ref idref="fl-47"/>
      </object_component>
      <object_component id="oc-94">
         <name>.int41</name>
         <load_address>0xffe2</load_address>
         <run_address>0xffe2</run_address>
         <size>0x2</size>
         <input_file_ref idref="fl-48"/>
      </object_component>
      <object_component id="oc-95">
         <name>.int42</name>
         <load_address>0xffe4</load_address>
         <run_address>0xffe4</run_address>
         <size>0x2</size>
         <input_file_ref idref="fl-49"/>
      </object_component>
      <object_component id="oc-96">
         <name>.int43</name>
         <load_address>0xffe6</load_address>
         <run_address>0xffe6</run_address>
         <size>0x2</size>
         <input_file_ref idref="fl-4a"/>
      </object_component>
      <object_component id="oc-97">
         <name>.int44</name>
         <load_address>0xffe8</load_address>
         <run_address>0xffe8</run_address>
         <size>0x2</size>
         <input_file_ref idref="fl-4b"/>
      </object_component>
      <object_component id="oc-98">
         <name>.int45</name>
         <load_address>0xffea</load_address>
         <run_address>0xffea</run_address>
         <size>0x2</size>
         <input_file_ref idref="fl-4c"/>
      </object_component>
      <object_component id="oc-99">
         <name>.int46</name>
         <load_address>0xffec</load_address>
         <run_address>0xffec</run_address>
         <size>0x2</size>
         <input_file_ref idref="fl-4d"/>
      </object_component>
      <object_component id="oc-9a">
         <name>.int47</name>
         <load_address>0xffee</load_address>
         <run_address>0xffee</run_address>
         <size>0x2</size>
         <input_file_ref idref="fl-4e"/>
      </object_component>
      <object_component id="oc-9b">
         <name>.int48</name>
         <load_address>0xfff0</load_address>
         <run_address>0xfff0</run_address>
         <size>0x2</size>
         <input_file_ref idref="fl-4f"/>
      </object_component>
      <object_component id="oc-9c">
         <name>.int49</name>
         <load_address>0xfff2</load_address>
         <run_address>0xfff2</run_address>
         <size>0x2</size>
         <input_file_ref idref="fl-50"/>
      </object_component>
      <object_component id="oc-9d">
         <name>.int50</name>
         <load_address>0xfff4</load_address>
         <run_address>0xfff4</run_address>
         <size>0x2</size>
         <input_file_ref idref="fl-51"/>
      </object_component>
      <object_component id="oc-9e">
         <name>.int51</name>
         <load_address>0xfff6</load_address>
         <run_address>0xfff6</run_address>
         <size>0x2</size>
         <input_file_ref idref="fl-52"/>
      </object_component>
      <object_component id="oc-9f">
         <name>.int52</name>
         <load_address>0xfff8</load_address>
         <run_address>0xfff8</run_address>
         <size>0x2</size>
         <input_file_ref idref="fl-53"/>
      </object_component>
      <object_component id="oc-a0">
         <name>.int53</name>
         <load_address>0xfffa</load_address>
         <run_address>0xfffa</run_address>
         <size>0x2</size>
         <input_file_ref idref="fl-54"/>
      </object_component>
      <object_component id="oc-a1">
         <name>.int54</name>
         <load_address>0xfffc</load_address>
         <run_address>0xfffc</run_address>
         <size>0x2</size>
         <input_file_ref idref="fl-55"/>
      </object_component>
      <object_component id="oc-60b">
         <name>.reset</name>
         <load_address>0xfffe</load_address>
         <run_address>0xfffe</run_address>
         <size>0x2</size>
         <input_file_ref idref="fl-65"/>
      </object_component>
      <object_component id="oc-75c">
         <name>.debug_info</name>
         <load_address>0x0</load_address>
         <run_address>0x0</run_address>
         <size>0x50d</size>
         <input_file_ref idref="fl-2"/>
      </object_component>
      <object_component id="oc-6b4">
         <name>.debug_info</name>
         <load_address>0x50d</load_address>
         <run_address>0x50d</run_address>
         <size>0x223</size>
         <input_file_ref idref="fl-2"/>
      </object_component>
      <object_component id="oc-7ae">
         <name>.debug_info</name>
         <load_address>0x730</load_address>
         <run_address>0x730</run_address>
         <size>0x26b</size>
         <input_file_ref idref="fl-2"/>
      </object_component>
      <object_component id="oc-6c6">
         <name>.debug_info</name>
         <load_address>0x99b</load_address>
         <run_address>0x99b</run_address>
         <size>0x40a</size>
         <input_file_ref idref="fl-2"/>
      </object_component>
      <object_component id="oc-612">
         <name>.debug_info</name>
         <load_address>0xda5</load_address>
         <run_address>0xda5</run_address>
         <size>0x84</size>
         <input_file_ref idref="fl-2"/>
      </object_component>
      <object_component id="oc-823">
         <name>.debug_info</name>
         <load_address>0xe29</load_address>
         <run_address>0xe29</run_address>
         <size>0x282</size>
         <input_file_ref idref="fl-2"/>
      </object_component>
      <object_component id="oc-770">
         <name>.debug_info</name>
         <load_address>0x10ab</load_address>
         <run_address>0x10ab</run_address>
         <size>0xbb</size>
         <input_file_ref idref="fl-2"/>
      </object_component>
      <object_component id="oc-687">
         <name>.debug_info</name>
         <load_address>0x1166</load_address>
         <run_address>0x1166</run_address>
         <size>0x18d</size>
         <input_file_ref idref="fl-3"/>
      </object_component>
      <object_component id="oc-6c1">
         <name>.debug_info</name>
         <load_address>0x12f3</load_address>
         <run_address>0x12f3</run_address>
         <size>0x8b</size>
         <input_file_ref idref="fl-3"/>
      </object_component>
      <object_component id="oc-7f7">
         <name>.debug_info</name>
         <load_address>0x137e</load_address>
         <run_address>0x137e</run_address>
         <size>0x253</size>
         <input_file_ref idref="fl-9"/>
      </object_component>
      <object_component id="oc-7f3">
         <name>.debug_info</name>
         <load_address>0x15d1</load_address>
         <run_address>0x15d1</run_address>
         <size>0x11b</size>
         <input_file_ref idref="fl-9"/>
      </object_component>
      <object_component id="oc-74d">
         <name>.debug_info</name>
         <load_address>0x16ec</load_address>
         <run_address>0x16ec</run_address>
         <size>0x110</size>
         <input_file_ref idref="fl-9"/>
      </object_component>
      <object_component id="oc-7e9">
         <name>.debug_info</name>
         <load_address>0x17fc</load_address>
         <run_address>0x17fc</run_address>
         <size>0x415</size>
         <input_file_ref idref="fl-d"/>
      </object_component>
      <object_component id="oc-747">
         <name>.debug_info</name>
         <load_address>0x1c11</load_address>
         <run_address>0x1c11</run_address>
         <size>0x1d8</size>
         <input_file_ref idref="fl-d"/>
      </object_component>
      <object_component id="oc-750">
         <name>.debug_info</name>
         <load_address>0x1de9</load_address>
         <run_address>0x1de9</run_address>
         <size>0x197</size>
         <input_file_ref idref="fl-d"/>
      </object_component>
      <object_component id="oc-741">
         <name>.debug_info</name>
         <load_address>0x1f80</load_address>
         <run_address>0x1f80</run_address>
         <size>0x1e5</size>
         <input_file_ref idref="fl-d"/>
      </object_component>
      <object_component id="oc-73b">
         <name>.debug_info</name>
         <load_address>0x2165</load_address>
         <run_address>0x2165</run_address>
         <size>0x1b9</size>
         <input_file_ref idref="fl-d"/>
      </object_component>
      <object_component id="oc-756">
         <name>.debug_info</name>
         <load_address>0x231e</load_address>
         <run_address>0x231e</run_address>
         <size>0x1b5</size>
         <input_file_ref idref="fl-d"/>
      </object_component>
      <object_component id="oc-86d">
         <name>.debug_info</name>
         <load_address>0x24d3</load_address>
         <run_address>0x24d3</run_address>
         <size>0x2b0</size>
         <input_file_ref idref="fl-e"/>
      </object_component>
      <object_component id="oc-7ee">
         <name>.debug_info</name>
         <load_address>0x2783</load_address>
         <run_address>0x2783</run_address>
         <size>0x1c6</size>
         <input_file_ref idref="fl-e"/>
      </object_component>
      <object_component id="oc-81e">
         <name>.debug_info</name>
         <load_address>0x2949</load_address>
         <run_address>0x2949</run_address>
         <size>0x1c9</size>
         <input_file_ref idref="fl-e"/>
      </object_component>
      <object_component id="oc-87a">
         <name>.debug_info</name>
         <load_address>0x2b12</load_address>
         <run_address>0x2b12</run_address>
         <size>0x203</size>
         <input_file_ref idref="fl-e"/>
      </object_component>
      <object_component id="oc-7fd">
         <name>.debug_info</name>
         <load_address>0x2d15</load_address>
         <run_address>0x2d15</run_address>
         <size>0x1b9</size>
         <input_file_ref idref="fl-e"/>
      </object_component>
      <object_component id="oc-87d">
         <name>.debug_info</name>
         <load_address>0x2ece</load_address>
         <run_address>0x2ece</run_address>
         <size>0x3f5</size>
         <input_file_ref idref="fl-11"/>
      </object_component>
      <object_component id="oc-816">
         <name>.debug_info</name>
         <load_address>0x32c3</load_address>
         <run_address>0x32c3</run_address>
         <size>0x222</size>
         <input_file_ref idref="fl-11"/>
      </object_component>
      <object_component id="oc-76f">
         <name>.debug_info</name>
         <load_address>0x34e5</load_address>
         <run_address>0x34e5</run_address>
         <size>0x379</size>
         <input_file_ref idref="fl-14"/>
      </object_component>
      <object_component id="oc-760">
         <name>.debug_info</name>
         <load_address>0x385e</load_address>
         <run_address>0x385e</run_address>
         <size>0x278</size>
         <input_file_ref idref="fl-14"/>
      </object_component>
      <object_component id="oc-811">
         <name>.debug_info</name>
         <load_address>0x3ad6</load_address>
         <run_address>0x3ad6</run_address>
         <size>0x1bd</size>
         <input_file_ref idref="fl-14"/>
      </object_component>
      <object_component id="oc-76a">
         <name>.debug_info</name>
         <load_address>0x3c93</load_address>
         <run_address>0x3c93</run_address>
         <size>0x475</size>
         <input_file_ref idref="fl-14"/>
      </object_component>
      <object_component id="oc-6bc">
         <name>.debug_info</name>
         <load_address>0x4108</load_address>
         <run_address>0x4108</run_address>
         <size>0x2a4</size>
         <input_file_ref idref="fl-14"/>
      </object_component>
      <object_component id="oc-723">
         <name>.debug_info</name>
         <load_address>0x43ac</load_address>
         <run_address>0x43ac</run_address>
         <size>0x4d1</size>
         <input_file_ref idref="fl-15"/>
      </object_component>
      <object_component id="oc-738">
         <name>.debug_info</name>
         <load_address>0x487d</load_address>
         <run_address>0x487d</run_address>
         <size>0x11b</size>
         <input_file_ref idref="fl-15"/>
      </object_component>
      <object_component id="oc-867">
         <name>.debug_info</name>
         <load_address>0x4998</load_address>
         <run_address>0x4998</run_address>
         <size>0xfc</size>
         <input_file_ref idref="fl-15"/>
      </object_component>
      <object_component id="oc-732">
         <name>.debug_info</name>
         <load_address>0x4a94</load_address>
         <run_address>0x4a94</run_address>
         <size>0x235</size>
         <input_file_ref idref="fl-15"/>
      </object_component>
      <object_component id="oc-72b">
         <name>.debug_info</name>
         <load_address>0x4cc9</load_address>
         <run_address>0x4cc9</run_address>
         <size>0x2d6</size>
         <input_file_ref idref="fl-15"/>
      </object_component>
      <object_component id="oc-7cf">
         <name>.debug_info</name>
         <load_address>0x4f9f</load_address>
         <run_address>0x4f9f</run_address>
         <size>0x2c3</size>
         <input_file_ref idref="fl-15"/>
      </object_component>
      <object_component id="oc-7bd">
         <name>.debug_info</name>
         <load_address>0x5262</load_address>
         <run_address>0x5262</run_address>
         <size>0x42f</size>
         <input_file_ref idref="fl-15"/>
      </object_component>
      <object_component id="oc-7b7">
         <name>.debug_info</name>
         <load_address>0x5691</load_address>
         <run_address>0x5691</run_address>
         <size>0x268</size>
         <input_file_ref idref="fl-15"/>
      </object_component>
      <object_component id="oc-7c9">
         <name>.debug_info</name>
         <load_address>0x58f9</load_address>
         <run_address>0x58f9</run_address>
         <size>0x299</size>
         <input_file_ref idref="fl-15"/>
      </object_component>
      <object_component id="oc-7c3">
         <name>.debug_info</name>
         <load_address>0x5b92</load_address>
         <run_address>0x5b92</run_address>
         <size>0x299</size>
         <input_file_ref idref="fl-15"/>
      </object_component>
      <object_component id="oc-6ae">
         <name>.debug_info</name>
         <load_address>0x5e2b</load_address>
         <run_address>0x5e2b</run_address>
         <size>0x392</size>
         <input_file_ref idref="fl-15"/>
      </object_component>
      <object_component id="oc-7db">
         <name>.debug_info</name>
         <load_address>0x61bd</load_address>
         <run_address>0x61bd</run_address>
         <size>0x18f</size>
         <input_file_ref idref="fl-15"/>
      </object_component>
      <object_component id="oc-7d5">
         <name>.debug_info</name>
         <load_address>0x634c</load_address>
         <run_address>0x634c</run_address>
         <size>0x21f</size>
         <input_file_ref idref="fl-15"/>
      </object_component>
      <object_component id="oc-7e1">
         <name>.debug_info</name>
         <load_address>0x656b</load_address>
         <run_address>0x656b</run_address>
         <size>0x222</size>
         <input_file_ref idref="fl-15"/>
      </object_component>
      <object_component id="oc-720">
         <name>.debug_info</name>
         <load_address>0x678d</load_address>
         <run_address>0x678d</run_address>
         <size>0x185</size>
         <input_file_ref idref="fl-16"/>
      </object_component>
      <object_component id="oc-719">
         <name>.debug_info</name>
         <load_address>0x6912</load_address>
         <run_address>0x6912</run_address>
         <size>0x197</size>
         <input_file_ref idref="fl-16"/>
      </object_component>
      <object_component id="oc-711">
         <name>.debug_info</name>
         <load_address>0x6aa9</load_address>
         <run_address>0x6aa9</run_address>
         <size>0x15f</size>
         <input_file_ref idref="fl-16"/>
      </object_component>
      <object_component id="oc-70e">
         <name>.debug_info</name>
         <load_address>0x6c08</load_address>
         <run_address>0x6c08</run_address>
         <size>0x161</size>
         <input_file_ref idref="fl-16"/>
      </object_component>
      <object_component id="oc-625">
         <name>.debug_info</name>
         <load_address>0x6d69</load_address>
         <run_address>0x6d69</run_address>
         <size>0x10f</size>
         <input_file_ref idref="fl-3a"/>
      </object_component>
      <object_component id="oc-67d">
         <name>.debug_info</name>
         <load_address>0x6e78</load_address>
         <run_address>0x6e78</run_address>
         <size>0x17f</size>
         <input_file_ref idref="fl-56"/>
      </object_component>
      <object_component id="oc-62d">
         <name>.debug_info</name>
         <load_address>0x6ff7</load_address>
         <run_address>0x6ff7</run_address>
         <size>0x1d7</size>
         <input_file_ref idref="fl-56"/>
      </object_component>
      <object_component id="oc-678">
         <name>.debug_info</name>
         <load_address>0x71ce</load_address>
         <run_address>0x71ce</run_address>
         <size>0x46</size>
         <input_file_ref idref="fl-56"/>
      </object_component>
      <object_component id="oc-765">
         <name>.debug_info</name>
         <load_address>0x7214</load_address>
         <run_address>0x7214</run_address>
         <size>0x138</size>
         <input_file_ref idref="fl-58"/>
      </object_component>
      <object_component id="oc-804">
         <name>.debug_info</name>
         <load_address>0x734c</load_address>
         <run_address>0x734c</run_address>
         <size>0x123</size>
         <input_file_ref idref="fl-5a"/>
      </object_component>
      <object_component id="oc-84a">
         <name>.debug_info</name>
         <load_address>0x746f</load_address>
         <run_address>0x746f</run_address>
         <size>0x130</size>
         <input_file_ref idref="fl-5c"/>
      </object_component>
      <object_component id="oc-80c">
         <name>.debug_info</name>
         <load_address>0x759f</load_address>
         <run_address>0x759f</run_address>
         <size>0x120</size>
         <input_file_ref idref="fl-62"/>
      </object_component>
      <object_component id="oc-859">
         <name>.debug_info</name>
         <load_address>0x76bf</load_address>
         <run_address>0x76bf</run_address>
         <size>0x120</size>
         <input_file_ref idref="fl-63"/>
      </object_component>
      <object_component id="oc-860">
         <name>.debug_info</name>
         <load_address>0x77df</load_address>
         <run_address>0x77df</run_address>
         <size>0x126</size>
         <input_file_ref idref="fl-64"/>
      </object_component>
      <object_component id="oc-609">
         <name>.debug_info</name>
         <load_address>0x7905</load_address>
         <run_address>0x7905</run_address>
         <size>0x100</size>
         <input_file_ref idref="fl-65"/>
      </object_component>
      <object_component id="oc-63f">
         <name>.debug_info</name>
         <load_address>0x7a05</load_address>
         <run_address>0x7a05</run_address>
         <size>0x17a</size>
         <input_file_ref idref="fl-65"/>
      </object_component>
      <object_component id="oc-78e">
         <name>.debug_info</name>
         <load_address>0x7b7f</load_address>
         <run_address>0x7b7f</run_address>
         <size>0x3fc</size>
         <input_file_ref idref="fl-68"/>
      </object_component>
      <object_component id="oc-6f2">
         <name>.debug_info</name>
         <load_address>0x7f7b</load_address>
         <run_address>0x7f7b</run_address>
         <size>0x230</size>
         <input_file_ref idref="fl-68"/>
      </object_component>
      <object_component id="oc-83f">
         <name>.debug_info</name>
         <load_address>0x81ab</load_address>
         <run_address>0x81ab</run_address>
         <size>0x39</size>
         <input_file_ref idref="fl-68"/>
      </object_component>
      <object_component id="oc-850">
         <name>.debug_info</name>
         <load_address>0x81e4</load_address>
         <run_address>0x81e4</run_address>
         <size>0x2c</size>
         <input_file_ref idref="fl-68"/>
      </object_component>
      <object_component id="oc-799">
         <name>.debug_info</name>
         <load_address>0x8210</load_address>
         <run_address>0x8210</run_address>
         <size>0x2c</size>
         <input_file_ref idref="fl-68"/>
      </object_component>
      <object_component id="oc-844">
         <name>.debug_info</name>
         <load_address>0x823c</load_address>
         <run_address>0x823c</run_address>
         <size>0xcd</size>
         <input_file_ref idref="fl-68"/>
      </object_component>
      <object_component id="oc-788">
         <name>.debug_info</name>
         <load_address>0x8309</load_address>
         <run_address>0x8309</run_address>
         <size>0x150</size>
         <input_file_ref idref="fl-69"/>
      </object_component>
      <object_component id="oc-680">
         <name>.debug_info</name>
         <load_address>0x8459</load_address>
         <run_address>0x8459</run_address>
         <size>0x153</size>
         <input_file_ref idref="fl-6a"/>
      </object_component>
      <object_component id="oc-66f">
         <name>.debug_info</name>
         <load_address>0x85ac</load_address>
         <run_address>0x85ac</run_address>
         <size>0x2c</size>
         <input_file_ref idref="fl-6b"/>
      </object_component>
      <object_component id="oc-6cc">
         <name>.debug_info</name>
         <load_address>0x85d8</load_address>
         <run_address>0x85d8</run_address>
         <size>0x122</size>
         <input_file_ref idref="fl-6c"/>
      </object_component>
      <object_component id="oc-66e">
         <name>.debug_info</name>
         <load_address>0x86fa</load_address>
         <run_address>0x86fa</run_address>
         <size>0x19a</size>
         <input_file_ref idref="fl-6f"/>
      </object_component>
      <object_component id="oc-618">
         <name>.debug_info</name>
         <load_address>0x8894</load_address>
         <run_address>0x8894</run_address>
         <size>0x17a</size>
         <input_file_ref idref="fl-6f"/>
      </object_component>
      <object_component id="oc-90b">
         <name>.debug_info</name>
         <load_address>0x8a0e</load_address>
         <run_address>0x8a0e</run_address>
         <size>0xbd</size>
      </object_component>
      <object_component id="oc-801">
         <name>.debug_line</name>
         <load_address>0x0</load_address>
         <run_address>0x0</run_address>
         <size>0x9c</size>
         <input_file_ref idref="fl-2"/>
      </object_component>
      <object_component id="oc-6b7">
         <name>.debug_line</name>
         <load_address>0x9c</load_address>
         <run_address>0x9c</run_address>
         <size>0x4b</size>
         <input_file_ref idref="fl-2"/>
      </object_component>
      <object_component id="oc-7b1">
         <name>.debug_line</name>
         <load_address>0xe7</load_address>
         <run_address>0xe7</run_address>
         <size>0x7b</size>
         <input_file_ref idref="fl-2"/>
      </object_component>
      <object_component id="oc-6c9">
         <name>.debug_line</name>
         <load_address>0x162</load_address>
         <run_address>0x162</run_address>
         <size>0x3a</size>
         <input_file_ref idref="fl-2"/>
      </object_component>
      <object_component id="oc-615">
         <name>.debug_line</name>
         <load_address>0x19c</load_address>
         <run_address>0x19c</run_address>
         <size>0x20</size>
         <input_file_ref idref="fl-2"/>
      </object_component>
      <object_component id="oc-826">
         <name>.debug_line</name>
         <load_address>0x1bc</load_address>
         <run_address>0x1bc</run_address>
         <size>0x7f</size>
         <input_file_ref idref="fl-2"/>
      </object_component>
      <object_component id="oc-773">
         <name>.debug_line</name>
         <load_address>0x23b</load_address>
         <run_address>0x23b</run_address>
         <size>0x7c</size>
         <input_file_ref idref="fl-2"/>
      </object_component>
      <object_component id="oc-686">
         <name>.debug_line</name>
         <load_address>0x2b7</load_address>
         <run_address>0x2b7</run_address>
         <size>0x49</size>
         <input_file_ref idref="fl-3"/>
      </object_component>
      <object_component id="oc-6c4">
         <name>.debug_line</name>
         <load_address>0x300</load_address>
         <run_address>0x300</run_address>
         <size>0x20</size>
         <input_file_ref idref="fl-3"/>
      </object_component>
      <object_component id="oc-871">
         <name>.debug_line</name>
         <load_address>0x320</load_address>
         <run_address>0x320</run_address>
         <size>0x20</size>
         <input_file_ref idref="fl-9"/>
      </object_component>
      <object_component id="oc-86f">
         <name>.debug_line</name>
         <load_address>0x340</load_address>
         <run_address>0x340</run_address>
         <size>0x41</size>
         <input_file_ref idref="fl-9"/>
      </object_component>
      <object_component id="oc-7f6">
         <name>.debug_line</name>
         <load_address>0x381</load_address>
         <run_address>0x381</run_address>
         <size>0x41</size>
         <input_file_ref idref="fl-9"/>
      </object_component>
      <object_component id="oc-86b">
         <name>.debug_line</name>
         <load_address>0x3c2</load_address>
         <run_address>0x3c2</run_address>
         <size>0x3a</size>
         <input_file_ref idref="fl-d"/>
      </object_component>
      <object_component id="oc-74a">
         <name>.debug_line</name>
         <load_address>0x3fc</load_address>
         <run_address>0x3fc</run_address>
         <size>0x52</size>
         <input_file_ref idref="fl-d"/>
      </object_component>
      <object_component id="oc-754">
         <name>.debug_line</name>
         <load_address>0x44e</load_address>
         <run_address>0x44e</run_address>
         <size>0x58</size>
         <input_file_ref idref="fl-d"/>
      </object_component>
      <object_component id="oc-744">
         <name>.debug_line</name>
         <load_address>0x4a6</load_address>
         <run_address>0x4a6</run_address>
         <size>0x55</size>
         <input_file_ref idref="fl-d"/>
      </object_component>
      <object_component id="oc-73e">
         <name>.debug_line</name>
         <load_address>0x4fb</load_address>
         <run_address>0x4fb</run_address>
         <size>0x57</size>
         <input_file_ref idref="fl-d"/>
      </object_component>
      <object_component id="oc-75a">
         <name>.debug_line</name>
         <load_address>0x552</load_address>
         <run_address>0x552</run_address>
         <size>0x52</size>
         <input_file_ref idref="fl-d"/>
      </object_component>
      <object_component id="oc-891">
         <name>.debug_line</name>
         <load_address>0x5a4</load_address>
         <run_address>0x5a4</run_address>
         <size>0x20</size>
         <input_file_ref idref="fl-e"/>
      </object_component>
      <object_component id="oc-7ed">
         <name>.debug_line</name>
         <load_address>0x5c4</load_address>
         <run_address>0x5c4</run_address>
         <size>0x52</size>
         <input_file_ref idref="fl-e"/>
      </object_component>
      <object_component id="oc-81b">
         <name>.debug_line</name>
         <load_address>0x616</load_address>
         <run_address>0x616</run_address>
         <size>0x4f</size>
         <input_file_ref idref="fl-e"/>
      </object_component>
      <object_component id="oc-877">
         <name>.debug_line</name>
         <load_address>0x665</load_address>
         <run_address>0x665</run_address>
         <size>0x52</size>
         <input_file_ref idref="fl-e"/>
      </object_component>
      <object_component id="oc-7fa">
         <name>.debug_line</name>
         <load_address>0x6b7</load_address>
         <run_address>0x6b7</run_address>
         <size>0x52</size>
         <input_file_ref idref="fl-e"/>
      </object_component>
      <object_component id="oc-894">
         <name>.debug_line</name>
         <load_address>0x709</load_address>
         <run_address>0x709</run_address>
         <size>0x3a</size>
         <input_file_ref idref="fl-11"/>
      </object_component>
      <object_component id="oc-815">
         <name>.debug_line</name>
         <load_address>0x743</load_address>
         <run_address>0x743</run_address>
         <size>0x6a</size>
         <input_file_ref idref="fl-11"/>
      </object_component>
      <object_component id="oc-822">
         <name>.debug_line</name>
         <load_address>0x7ad</load_address>
         <run_address>0x7ad</run_address>
         <size>0x3a</size>
         <input_file_ref idref="fl-14"/>
      </object_component>
      <object_component id="oc-75f">
         <name>.debug_line</name>
         <load_address>0x7e7</load_address>
         <run_address>0x7e7</run_address>
         <size>0x7a</size>
         <input_file_ref idref="fl-14"/>
      </object_component>
      <object_component id="oc-80f">
         <name>.debug_line</name>
         <load_address>0x861</load_address>
         <run_address>0x861</run_address>
         <size>0x63</size>
         <input_file_ref idref="fl-14"/>
      </object_component>
      <object_component id="oc-76d">
         <name>.debug_line</name>
         <load_address>0x8c4</load_address>
         <run_address>0x8c4</run_address>
         <size>0x1c2</size>
         <input_file_ref idref="fl-14"/>
      </object_component>
      <object_component id="oc-6bf">
         <name>.debug_line</name>
         <load_address>0xa86</load_address>
         <run_address>0xa86</run_address>
         <size>0x51</size>
         <input_file_ref idref="fl-14"/>
      </object_component>
      <object_component id="oc-7ad">
         <name>.debug_line</name>
         <load_address>0xad7</load_address>
         <run_address>0xad7</run_address>
         <size>0xe8</size>
         <input_file_ref idref="fl-15"/>
      </object_component>
      <object_component id="oc-7e7">
         <name>.debug_line</name>
         <load_address>0xbbf</load_address>
         <run_address>0xbbf</run_address>
         <size>0x3d</size>
         <input_file_ref idref="fl-15"/>
      </object_component>
      <object_component id="oc-88f">
         <name>.debug_line</name>
         <load_address>0xbfc</load_address>
         <run_address>0xbfc</run_address>
         <size>0x3d</size>
         <input_file_ref idref="fl-15"/>
      </object_component>
      <object_component id="oc-735">
         <name>.debug_line</name>
         <load_address>0xc39</load_address>
         <run_address>0xc39</run_address>
         <size>0x5e</size>
         <input_file_ref idref="fl-15"/>
      </object_component>
      <object_component id="oc-72f">
         <name>.debug_line</name>
         <load_address>0xc97</load_address>
         <run_address>0xc97</run_address>
         <size>0x7c</size>
         <input_file_ref idref="fl-15"/>
      </object_component>
      <object_component id="oc-7d2">
         <name>.debug_line</name>
         <load_address>0xd13</load_address>
         <run_address>0xd13</run_address>
         <size>0x69</size>
         <input_file_ref idref="fl-15"/>
      </object_component>
      <object_component id="oc-7c1">
         <name>.debug_line</name>
         <load_address>0xd7c</load_address>
         <run_address>0xd7c</run_address>
         <size>0xe1</size>
         <input_file_ref idref="fl-15"/>
      </object_component>
      <object_component id="oc-7bb">
         <name>.debug_line</name>
         <load_address>0xe5d</load_address>
         <run_address>0xe5d</run_address>
         <size>0x56</size>
         <input_file_ref idref="fl-15"/>
      </object_component>
      <object_component id="oc-7cc">
         <name>.debug_line</name>
         <load_address>0xeb3</load_address>
         <run_address>0xeb3</run_address>
         <size>0x61</size>
         <input_file_ref idref="fl-15"/>
      </object_component>
      <object_component id="oc-7c6">
         <name>.debug_line</name>
         <load_address>0xf14</load_address>
         <run_address>0xf14</run_address>
         <size>0x61</size>
         <input_file_ref idref="fl-15"/>
      </object_component>
      <object_component id="oc-6b2">
         <name>.debug_line</name>
         <load_address>0xf75</load_address>
         <run_address>0xf75</run_address>
         <size>0x7d</size>
         <input_file_ref idref="fl-15"/>
      </object_component>
      <object_component id="oc-7df">
         <name>.debug_line</name>
         <load_address>0xff2</load_address>
         <run_address>0xff2</run_address>
         <size>0x4e</size>
         <input_file_ref idref="fl-15"/>
      </object_component>
      <object_component id="oc-7d9">
         <name>.debug_line</name>
         <load_address>0x1040</load_address>
         <run_address>0x1040</run_address>
         <size>0x53</size>
         <input_file_ref idref="fl-15"/>
      </object_component>
      <object_component id="oc-7e4">
         <name>.debug_line</name>
         <load_address>0x1093</load_address>
         <run_address>0x1093</run_address>
         <size>0x56</size>
         <input_file_ref idref="fl-15"/>
      </object_component>
      <object_component id="oc-71f">
         <name>.debug_line</name>
         <load_address>0x10e9</load_address>
         <run_address>0x10e9</run_address>
         <size>0x57</size>
         <input_file_ref idref="fl-16"/>
      </object_component>
      <object_component id="oc-718">
         <name>.debug_line</name>
         <load_address>0x1140</load_address>
         <run_address>0x1140</run_address>
         <size>0x59</size>
         <input_file_ref idref="fl-16"/>
      </object_component>
      <object_component id="oc-714">
         <name>.debug_line</name>
         <load_address>0x1199</load_address>
         <run_address>0x1199</run_address>
         <size>0x5e</size>
         <input_file_ref idref="fl-16"/>
      </object_component>
      <object_component id="oc-70d">
         <name>.debug_line</name>
         <load_address>0x11f7</load_address>
         <run_address>0x11f7</run_address>
         <size>0x59</size>
         <input_file_ref idref="fl-16"/>
      </object_component>
      <object_component id="oc-628">
         <name>.debug_line</name>
         <load_address>0x1250</load_address>
         <run_address>0x1250</run_address>
         <size>0x3d</size>
         <input_file_ref idref="fl-3a"/>
      </object_component>
      <object_component id="oc-6ab">
         <name>.debug_line</name>
         <load_address>0x128d</load_address>
         <run_address>0x128d</run_address>
         <size>0x20</size>
         <input_file_ref idref="fl-56"/>
      </object_component>
      <object_component id="oc-62c">
         <name>.debug_line</name>
         <load_address>0x12ad</load_address>
         <run_address>0x12ad</run_address>
         <size>0x4f</size>
         <input_file_ref idref="fl-56"/>
      </object_component>
      <object_component id="oc-67b">
         <name>.debug_line</name>
         <load_address>0x12fc</load_address>
         <run_address>0x12fc</run_address>
         <size>0x34</size>
         <input_file_ref idref="fl-56"/>
      </object_component>
      <object_component id="oc-767">
         <name>.debug_line</name>
         <load_address>0x1330</load_address>
         <run_address>0x1330</run_address>
         <size>0x5a</size>
         <input_file_ref idref="fl-58"/>
      </object_component>
      <object_component id="oc-807">
         <name>.debug_line</name>
         <load_address>0x138a</load_address>
         <run_address>0x138a</run_address>
         <size>0x64</size>
         <input_file_ref idref="fl-5a"/>
      </object_component>
      <object_component id="oc-84d">
         <name>.debug_line</name>
         <load_address>0x13ee</load_address>
         <run_address>0x13ee</run_address>
         <size>0x46</size>
         <input_file_ref idref="fl-5c"/>
      </object_component>
      <object_component id="oc-80b">
         <name>.debug_line</name>
         <load_address>0x1434</load_address>
         <run_address>0x1434</run_address>
         <size>0x3b</size>
         <input_file_ref idref="fl-62"/>
      </object_component>
      <object_component id="oc-857">
         <name>.debug_line</name>
         <load_address>0x146f</load_address>
         <run_address>0x146f</run_address>
         <size>0x3b</size>
         <input_file_ref idref="fl-63"/>
      </object_component>
      <object_component id="oc-863">
         <name>.debug_line</name>
         <load_address>0x14aa</load_address>
         <run_address>0x14aa</run_address>
         <size>0x56</size>
         <input_file_ref idref="fl-64"/>
      </object_component>
      <object_component id="oc-666">
         <name>.debug_line</name>
         <load_address>0x1500</load_address>
         <run_address>0x1500</run_address>
         <size>0x2a</size>
         <input_file_ref idref="fl-65"/>
      </object_component>
      <object_component id="oc-63e">
         <name>.debug_line</name>
         <load_address>0x152a</load_address>
         <run_address>0x152a</run_address>
         <size>0x46</size>
         <input_file_ref idref="fl-65"/>
      </object_component>
      <object_component id="oc-83e">
         <name>.debug_line</name>
         <load_address>0x1570</load_address>
         <run_address>0x1570</run_address>
         <size>0xbf</size>
         <input_file_ref idref="fl-68"/>
      </object_component>
      <object_component id="oc-6f1">
         <name>.debug_line</name>
         <load_address>0x162f</load_address>
         <run_address>0x162f</run_address>
         <size>0x80</size>
         <input_file_ref idref="fl-68"/>
      </object_component>
      <object_component id="oc-842">
         <name>.debug_line</name>
         <load_address>0x16af</load_address>
         <run_address>0x16af</run_address>
         <size>0x2e</size>
         <input_file_ref idref="fl-68"/>
      </object_component>
      <object_component id="oc-853">
         <name>.debug_line</name>
         <load_address>0x16dd</load_address>
         <run_address>0x16dd</run_address>
         <size>0x9a</size>
         <input_file_ref idref="fl-68"/>
      </object_component>
      <object_component id="oc-79c">
         <name>.debug_line</name>
         <load_address>0x1777</load_address>
         <run_address>0x1777</run_address>
         <size>0x97</size>
         <input_file_ref idref="fl-68"/>
      </object_component>
      <object_component id="oc-847">
         <name>.debug_line</name>
         <load_address>0x180e</load_address>
         <run_address>0x180e</run_address>
         <size>0x93</size>
         <input_file_ref idref="fl-68"/>
      </object_component>
      <object_component id="oc-78b">
         <name>.debug_line</name>
         <load_address>0x18a1</load_address>
         <run_address>0x18a1</run_address>
         <size>0x3a</size>
         <input_file_ref idref="fl-69"/>
      </object_component>
      <object_component id="oc-683">
         <name>.debug_line</name>
         <load_address>0x18db</load_address>
         <run_address>0x18db</run_address>
         <size>0x3e</size>
         <input_file_ref idref="fl-6a"/>
      </object_component>
      <object_component id="oc-672">
         <name>.debug_line</name>
         <load_address>0x1919</load_address>
         <run_address>0x1919</run_address>
         <size>0x92</size>
         <input_file_ref idref="fl-6b"/>
      </object_component>
      <object_component id="oc-6d0">
         <name>.debug_line</name>
         <load_address>0x19ab</load_address>
         <run_address>0x19ab</run_address>
         <size>0x3d</size>
         <input_file_ref idref="fl-6c"/>
      </object_component>
      <object_component id="oc-6a9">
         <name>.debug_line</name>
         <load_address>0x19e8</load_address>
         <run_address>0x19e8</run_address>
         <size>0x20</size>
         <input_file_ref idref="fl-6f"/>
      </object_component>
      <object_component id="oc-61c">
         <name>.debug_line</name>
         <load_address>0x1a08</load_address>
         <run_address>0x1a08</run_address>
         <size>0x42</size>
         <input_file_ref idref="fl-6f"/>
      </object_component>
      <object_component id="oc-6b8">
         <name>.debug_frame</name>
         <load_address>0x0</load_address>
         <run_address>0x0</run_address>
         <size>0x44</size>
         <input_file_ref idref="fl-2"/>
      </object_component>
      <object_component id="oc-68a">
         <name>.debug_frame</name>
         <load_address>0x44</load_address>
         <run_address>0x44</run_address>
         <size>0x40</size>
         <input_file_ref idref="fl-3"/>
      </object_component>
      <object_component id="oc-74b">
         <name>.debug_frame</name>
         <load_address>0x84</load_address>
         <run_address>0x84</run_address>
         <size>0x44</size>
         <input_file_ref idref="fl-d"/>
      </object_component>
      <object_component id="oc-753">
[...]
         <name>UCB1RXBUF</name>
         <value>0x68c</value>
      </symbol>
      <symbol id="sm-53d">
         <name>UCB1RXBUF_L</name>
         <value>0x68c</value>
      </symbol>
      <symbol id="sm-53e">
         <name>UCB1RXBUF_H</name>
         <value>0x68d</value>
      </symbol>
      <symbol id="sm-53f">
         <name>UCB1TXBUF</name>
         <value>0x68e</value>
      </symbol>
      <symbol id="sm-540">
         <name>UCB1TXBUF_L</name>
         <value>0x68e</value>
      </symbol>
      <symbol id="sm-541">
         <name>UCB1TXBUF_H</name>
         <value>0x68f</value>
      </symbol>
      <symbol id="sm-542">
         <name>UCB1I2COA0</name>
         <value>0x694</value>
      </symbol>
      <symbol id="sm-543">
         <name>UCB1I2COA0_L</name>
         <value>0x694</value>
      </symbol>
      <symbol id="sm-544">
         <name>UCB1I2COA0_H</name>
         <value>0x695</value>
      </symbol>
      <symbol id="sm-545">
         <name>UCB1I2COA1</name>
         <value>0x696</value>
      </symbol>
      <symbol id="sm-546">
         <name>UCB1I2COA1_L</name>
         <value>0x696</value>
      </symbol>
      <symbol id="sm-547">
         <name>UCB1I2COA1_H</name>
         <value>0x697</value>
      </symbol>
      <symbol id="sm-548">
         <name>UCB1I2COA2</name>
         <value>0x698</value>
      </symbol>
      <symbol id="sm-549">
         <name>UCB1I2COA2_L</name>
         <value>0x698</value>
      </symbol>
      <symbol id="sm-54a">
         <name>UCB1I2COA2_H</name>
         <value>0x699</value>
      </symbol>
      <symbol id="sm-54b">
         <name>UCB1I2COA3</name>
         <value>0x69a</value>
      </symbol>
      <symbol id="sm-54c">
         <name>UCB1I2COA3_L</name>
         <value>0x69a</value>
      </symbol>
      <symbol id="sm-54d">
         <name>UCB1I2COA3_H</name>
         <value>0x69b</value>
      </symbol>
      <symbol id="sm-54e">
         <name>UCB1ADDRX</name>
         <value>0x69c</value>
      </symbol>
      <symbol id="sm-54f">
         <name>UCB1ADDRX_L</name>
         <value>0x69c</value>
      </symbol>
      <symbol id="sm-550">
         <name>UCB1ADDRX_H</name>
         <value>0x69d</value>
      </symbol>
      <symbol id="sm-551">
         <name>UCB1ADDMASK</name>
         <value>0x69e</value>
      </symbol>
      <symbol id="sm-552">
         <name>UCB1ADDMASK_L</name>
         <value>0x69e</value>
      </symbol>
      <symbol id="sm-553">
         <name>UCB1ADDMASK_H</name>
         <value>0x69f</value>
      </symbol>
      <symbol id="sm-554">
         <name>UCB1I2CSA</name>
         <value>0x6a0</value>
      </symbol>
      <symbol id="sm-555">
         <name>UCB1I2CSA_L</name>
         <value>0x6a0</value>
      </symbol>
      <symbol id="sm-556">
         <name>UCB1I2CSA_H</name>
         <value>0x6a1</value>
      </symbol>
      <symbol id="sm-557">
         <name>UCB1IE</name>
         <value>0x6aa</value>
      </symbol>
      <symbol id="sm-558">
         <name>UCB1IE_L</name>
         <value>0x6aa</value>
      </symbol>
      <symbol id="sm-559">
         <name>UCB1IE_H</name>
         <value>0x6ab</value>
      </symbol>
      <symbol id="sm-55a">
         <name>UCB1IFG</name>
         <value>0x6ac</value>
      </symbol>
      <symbol id="sm-55b">
         <name>UCB1IFG_L</name>
         <value>0x6ac</value>
      </symbol>
      <symbol id="sm-55c">
         <name>UCB1IFG_H</name>
         <value>0x6ad</value>
      </symbol>
      <symbol id="sm-55d">
         <name>UCB1IV</name>
         <value>0x6ae</value>
      </symbol>
      <symbol id="sm-55e">
         <name>WDTCTL</name>
         <value>0x15c</value>
      </symbol>
      <symbol id="sm-55f">
         <name>WDTCTL_L</name>
         <value>0x15c</value>
      </symbol>
      <symbol id="sm-560">
         <name>WDTCTL_H</name>
         <value>0x15d</value>
      </symbol>
      <symbol id="sm-561">
         <name>fram_rw_start</name>
         <value>0x4400</value>
      </symbol>
      <symbol id="sm-562">
         <name>fram_ipe_start</name>
         <value>0x4400</value>
      </symbol>
      <symbol id="sm-563">
         <name>fram_ipe_end</name>
         <value>0x4400</value>
      </symbol>
      <symbol id="sm-564">
         <name>fram_rx_start</name>
         <value>0x4400</value>
      </symbol>
      <symbol id="sm-565">
         <name>__TI_CINIT_Base</name>
         <value>0x482c</value>
      </symbol>
      <symbol id="sm-566">
         <name>__TI_CINIT_Limit</name>
         <value>0x4834</value>
      </symbol>
      <symbol id="sm-567">
         <name>__TI_Handler_Table_Base</name>
         <value>0x4828</value>
      </symbol>
      <symbol id="sm-568">
         <name>__TI_Handler_Table_Limit</name>
         <value>0x482c</value>
      </symbol>
      <symbol id="sm-569">
         <name>__STACK_SIZE</name>
         <value>0xa0</value>
      </symbol>
      <symbol id="sm-56a">
         <name>__STACK_END</name>
         <value>0x2400</value>
      </symbol>
      <symbol id="sm-56b">
         <name>__c_args__</name>
         <value>0xffffffff</value>
      </symbol>
      <symbol id="sm-56c">
         <name>__TI_pprof_out_hndl</name>
         <value>0xffffffff</value>
      </symbol>
      <symbol id="sm-56d">
         <name>__TI_prof_data_start</name>
         <value>0xffffffff</value>
      </symbol>
      <symbol id="sm-56e">
         <name>__TI_prof_data_size</name>
         <value>0xffffffff</value>
      </symbol>
      <symbol id="sm-5f2">
         <name>Initialize_Graphics</name>
         <value>0x10ed6</value>
         <object_component_ref idref="oc-6b3"/>
      </symbol>
      <symbol id="sm-602">
         <name>main</name>
         <value>0x10d24</value>
         <object_component_ref idref="oc-685"/>
      </symbol>
      <symbol id="sm-617">
         <name>g_sFontFixed6x8</name>
         <value>0x471c</value>
         <object_component_ref idref="oc-74c"/>
      </symbol>
      <symbol id="sm-642">
         <name>Graphics_setBackgroundColor</name>
         <value>0x111e0</value>
         <object_component_ref idref="oc-740"/>
      </symbol>
      <symbol id="sm-643">
         <name>Graphics_setFont</name>
         <value>0x112ae</value>
         <object_component_ref idref="oc-74f"/>
      </symbol>
      <symbol id="sm-644">
         <name>Graphics_initContext</name>
         <value>0x110a4</value>
         <object_component_ref idref="oc-73a"/>
      </symbol>
      <symbol id="sm-645">
         <name>Graphics_setForegroundColor</name>
         <value>0x111f8</value>
         <object_component_ref idref="oc-746"/>
      </symbol>
      <symbol id="sm-646">
         <name>Graphics_clearDisplay</name>
         <value>0x11252</value>
         <object_component_ref idref="oc-755"/>
      </symbol>
      <symbol id="sm-667">
         <name>Graphics_clearDisplayOnDisplay</name>
         <value>0x11262</value>
         <object_component_ref idref="oc-7f9"/>
      </symbol>
      <symbol id="sm-668">
         <name>Graphics_drawPixelOnDisplay</name>
         <value>0x11270</value>
         <object_component_ref idref="oc-81a"/>
      </symbol>
      <symbol id="sm-669">
         <name>Graphics_translateColorOnDisplay</name>
         <value>0x1127e</value>
         <object_component_ref idref="oc-7ea"/>
      </symbol>
      <symbol id="sm-66a">
         <name>Graphics_drawHorizontalLineOnDisplay</name>
         <value>0x111c6</value>
         <object_component_ref idref="oc-876"/>
      </symbol>
      <symbol id="sm-683">
         <name>Graphics_drawLineH</name>
         <value>0x10a66</value>
         <object_component_ref idref="oc-814"/>
      </symbol>
      <symbol id="sm-6f3">
         <name>Graphics_drawStringCentered</name>
         <value>0x10cac</value>
         <object_component_ref idref="oc-6ba"/>
      </symbol>
      <symbol id="sm-6f4">
         <name>Graphics_drawString</name>
         <value>0x10000</value>
         <object_component_ref idref="oc-768"/>
      </symbol>
      <symbol id="sm-6f5">
         <name>Graphics_getStringWidth</name>
         <value>0x10b42</value>
         <object_component_ref idref="oc-75d"/>
      </symbol>
      <symbol id="sm-77c">
         <name>Lcd_Orientation</name>
         <value>0x1c08</value>
      </symbol>
      <symbol id="sm-77d">
         <name>Lcd_ScreenWidth</name>
         <value>0x1c02</value>
      </symbol>
      <symbol id="sm-77e">
         <name>Lcd_ScreenHeigth</name>
         <value>0x1c00</value>
      </symbol>
      <symbol id="sm-77f">
         <name>Lcd_PenSolid</name>
         <value>0x1c09</value>
      </symbol>
      <symbol id="sm-780">
         <name>Lcd_FontSolid</name>
         <value>0x1c07</value>
      </symbol>
      <symbol id="sm-781">
         <name>Lcd_FlagRead</name>
         <value>0x1c06</value>
      </symbol>
      <symbol id="sm-782">
         <name>Lcd_TouchTrim</name>
         <value>0x1c04</value>
      </symbol>
      <symbol id="sm-783">
         <name>Crystalfontz128x128_SetDrawFrame</name>
         <value>0x10c04</value>
         <object_component_ref idref="oc-72a"/>
      </symbol>
      <symbol id="sm-784">
         <name>Crystalfontz128x128_SetOrientation</name>
         <value>0x10f20</value>
         <object_component_ref idref="oc-731"/>
      </symbol>
      <symbol id="sm-785">
         <name>g_sCrystalfontz128x128</name>
         <value>0x47e4</value>
         <object_component_ref idref="oc-737"/>
      </symbol>
      <symbol id="sm-786">
         <name>Crystalfontz128x128_Init</name>
         <value>0x1094c</value>
         <object_component_ref idref="oc-6ad"/>
      </symbol>
      <symbol id="sm-7a6">
         <name>HAL_LCD_writeData</name>
         <value>0x1128c</value>
         <object_component_ref idref="oc-71c"/>
      </symbol>
      <symbol id="sm-7a7">
         <name>HAL_LCD_SpiInit</name>
         <value>0x10fa8</value>
         <object_component_ref idref="oc-710"/>
      </symbol>
      <symbol id="sm-7a8">
         <name>HAL_LCD_PortInit</name>
         <value>0x11178</value>
         <object_component_ref idref="oc-70a"/>
      </symbol>
      <symbol id="sm-7a9">
         <name>HAL_LCD_writeCommand</name>
         <value>0x11228</value>
         <object_component_ref idref="oc-716"/>
      </symbol>
      <symbol id="sm-7ae">
         <name>__TI_int27</name>
         <value>0xffc6</value>
         <object_component_ref idref="oc-86"/>
      </symbol>
      <symbol id="sm-7b6">
         <name>__TI_ISR_TRAP</name>
         <value>0x441c</value>
         <object_component_ref idref="oc-624"/>
      </symbol>
      <symbol id="sm-7b9">
         <name>__TI_int28</name>
         <value>0xffc8</value>
         <object_component_ref idref="oc-87"/>
      </symbol>
      <symbol id="sm-7bc">
         <name>__TI_int29</name>
         <value>0xffca</value>
         <object_component_ref idref="oc-88"/>
      </symbol>
      <symbol id="sm-7bf">
         <name>__TI_int30</name>
         <value>0xffcc</value>
         <object_component_ref idref="oc-89"/>
      </symbol>
      <symbol id="sm-7c2">
         <name>__TI_int31</name>
         <value>0xffce</value>
         <object_component_ref idref="oc-8a"/>
      </symbol>
      <symbol id="sm-7c5">
         <name>__TI_int32</name>
         <value>0xffd0</value>
         <object_component_ref idref="oc-8b"/>
      </symbol>
      <symbol id="sm-7c8">
         <name>__TI_int33</name>
         <value>0xffd2</value>
         <object_component_ref idref="oc-8c"/>
      </symbol>
      <symbol id="sm-7cb">
         <name>__TI_int34</name>
         <value>0xffd4</value>
         <object_component_ref idref="oc-8d"/>
      </symbol>
      <symbol id="sm-7ce">
         <name>__TI_int35</name>
         <value>0xffd6</value>
         <object_component_ref idref="oc-8e"/>
      </symbol>
      <symbol id="sm-7d1">
         <name>__TI_int36</name>
         <value>0xffd8</value>
         <object_component_ref idref="oc-8f"/>
      </symbol>
      <symbol id="sm-7d4">
         <name>__TI_int37</name>
         <value>0xffda</value>
         <object_component_ref idref="oc-90"/>
      </symbol>
      <symbol id="sm-7d7">
         <name>__TI_int38</name>
         <value>0xffdc</value>
         <object_component_ref idref="oc-91"/>
      </symbol>
      <symbol id="sm-7da">
         <name>__TI_int39</name>
         <value>0xffde</value>
         <object_component_ref idref="oc-92"/>
      </symbol>
      <symbol id="sm-7dd">
         <name>__TI_int40</name>
         <value>0xffe0</value>
         <object_component_ref idref="oc-93"/>
      </symbol>
      <symbol id="sm-7e0">
         <name>__TI_int41</name>
         <value>0xffe2</value>
         <object_component_ref idref="oc-94"/>
      </symbol>
      <symbol id="sm-7e3">
         <name>__TI_int42</name>
         <value>0xffe4</value>
         <object_component_ref idref="oc-95"/>
      </symbol>
      <symbol id="sm-7e6">
         <name>__TI_int43</name>
         <value>0xffe6</value>
         <object_component_ref idref="oc-96"/>
      </symbol>
      <symbol id="sm-7e9">
         <name>__TI_int44</name>
         <value>0xffe8</value>
         <object_component_ref idref="oc-97"/>
      </symbol>
      <symbol id="sm-7ec">
         <name>__TI_int45</name>
         <value>0xffea</value>
         <object_component_ref idref="oc-98"/>
      </symbol>
      <symbol id="sm-7ef">
         <name>__TI_int46</name>
         <value>0xffec</value>
         <object_component_ref idref="oc-99"/>
      </symbol>
      <symbol id="sm-7f2">
         <name>__TI_int47</name>
         <value>0xffee</value>
         <object_component_ref idref="oc-9a"/>
      </symbol>
      <symbol id="sm-7f5">
         <name>__TI_int48</name>
         <value>0xfff0</value>
         <object_component_ref idref="oc-9b"/>
      </symbol>
      <symbol id="sm-7f8">
         <name>__TI_int49</name>
         <value>0xfff2</value>
         <object_component_ref idref="oc-9c"/>
      </symbol>
      <symbol id="sm-7fb">
         <name>__TI_int50</name>
         <value>0xfff4</value>
         <object_component_ref idref="oc-9d"/>
      </symbol>
      <symbol id="sm-7fe">
         <name>__TI_int51</name>
         <value>0xfff6</value>
         <object_component_ref idref="oc-9e"/>
      </symbol>
      <symbol id="sm-801">
         <name>__TI_int52</name>
         <value>0xfff8</value>
         <object_component_ref idref="oc-9f"/>
      </symbol>
      <symbol id="sm-804">
         <name>__TI_int53</name>
         <value>0xfffa</value>
         <object_component_ref idref="oc-a0"/>
      </symbol>
      <symbol id="sm-807">
         <name>__TI_int54</name>
         <value>0xfffc</value>
         <object_component_ref idref="oc-a1"/>
      </symbol>
      <symbol id="sm-81a">
         <name>__TI_zero_init_nomemset</name>
         <value>0x111a2</value>
         <object_component_ref idref="oc-629"/>
      </symbol>
      <symbol id="sm-827">
         <name>__mspabi_remli</name>
         <value>0x10fea</value>
         <object_component_ref idref="oc-763"/>
      </symbol>
      <symbol id="sm-828">
         <name>__mspabi_divli</name>
         <value>0x10fea</value>
         <object_component_ref idref="oc-763"/>
      </symbol>
      <symbol id="sm-837">
         <name>__mspabi_remul</name>
         <value>0x10de0</value>
         <object_component_ref idref="oc-803"/>
      </symbol>
      <symbol id="sm-838">
         <name>__mspabi_divul</name>
         <value>0x10de0</value>
         <object_component_ref idref="oc-803"/>
      </symbol>
      <symbol id="sm-841">
         <name>__mspabi_mpyi_f5hw</name>
         <value>0x11210</value>
         <object_component_ref idref="oc-849"/>
      </symbol>
      <symbol id="sm-84f">
         <name>__mspabi_slli</name>
         <value>0x1129a</value>
         <object_component_ref idref="oc-809"/>
      </symbol>
      <symbol id="sm-858">
         <name>__mspabi_srli</name>
         <value>0x112a4</value>
         <object_component_ref idref="oc-856"/>
      </symbol>
      <symbol id="sm-860">
         <name>__mspabi_srll_8</name>
         <value>0x11046</value>
         <object_component_ref idref="oc-85f"/>
      </symbol>
      <symbol id="sm-861">
         <name>__mspabi_srll_9</name>
         <value>0x11042</value>
         <object_component_ref idref="oc-85f"/>
      </symbol>
      <symbol id="sm-862">
         <name>__mspabi_srll_6</name>
         <value>0x1104e</value>
         <object_component_ref idref="oc-85f"/>
      </symbol>
      <symbol id="sm-863">
         <name>__mspabi_srll_7</name>
         <value>0x1104a</value>
         <object_component_ref idref="oc-85f"/>
      </symbol>
      <symbol id="sm-864">
         <name>__mspabi_srll_4</name>
         <value>0x11056</value>
         <object_component_ref idref="oc-85f"/>
      </symbol>
      <symbol id="sm-865">
         <name>__mspabi_srll_5</name>
         <value>0x11052</value>
         <object_component_ref idref="oc-85f"/>
      </symbol>
      <symbol id="sm-866">
         <name>__mspabi_srll_2</name>
         <value>0x1105e</value>
         <object_component_ref idref="oc-85f"/>
      </symbol>
      <symbol id="sm-867">
         <name>__mspabi_srll_3</name>
         <value>0x1105a</value>
         <object_component_ref idref="oc-85f"/>
      </symbol>
      <symbol id="sm-868">
         <name>__mspabi_srll_1</name>
         <value>0x11062</value>
         <object_component_ref idref="oc-85f"/>
      </symbol>
      <symbol id="sm-869">
         <name>__mspabi_srll_15</name>
         <value>0x1102a</value>
         <object_component_ref idref="oc-85f"/>
      </symbol>
      <symbol id="sm-86a">
         <name>__mspabi_srll_14</name>
         <value>0x1102e</value>
         <object_component_ref idref="oc-85f"/>
      </symbol>
      <symbol id="sm-86b">
         <name>__mspabi_srll_13</name>
         <value>0x11032</value>
         <object_component_ref idref="oc-85f"/>
      </symbol>
      <symbol id="sm-86c">
         <name>__mspabi_srll_12</name>
         <value>0x11036</value>
         <object_component_ref idref="oc-85f"/>
      </symbol>
      <symbol id="sm-86d">
         <name>__mspabi_srll_11</name>
         <value>0x1103a</value>
         <object_component_ref idref="oc-85f"/>
      </symbol>
      <symbol id="sm-86e">
         <name>__mspabi_srll_10</name>
         <value>0x1103e</value>
         <object_component_ref idref="oc-85f"/>
      </symbol>
      <symbol id="sm-87e">
         <name>_stack</name>
         <value>0x2360</value>
         <object_component_ref idref="oc-608"/>
      </symbol>
      <symbol id="sm-87f">
         <name>_c_int00_noargs</name>
         <value>0x4400</value>
         <object_component_ref idref="oc-63b"/>
      </symbol>
      <symbol id="sm-880">
         <name>_reset_vector</name>
         <value>0xfffe</value>
         <object_component_ref idref="oc-60b"/>
      </symbol>
      <symbol id="sm-8a5">
         <name>__TI_auto_init_nobinit_nopinit_hold_wdt</name>
         <value>0x10e38</value>
         <object_component_ref idref="oc-6ef"/>
      </symbol>
      <symbol id="sm-8ae">
         <name>_system_post_cinit</name>
         <value>0x112c0</value>
         <object_component_ref idref="oc-787"/>
      </symbol>
      <symbol id="sm-8b7">
         <name>_system_pre_init</name>
         <value>0x112ba</value>
         <object_component_ref idref="oc-67f"/>
      </symbol>
      <symbol id="sm-8c7">
         <name>C$$EXIT</name>
         <value>0x112b4</value>
         <object_component_ref idref="oc-6cb"/>
      </symbol>
      <symbol id="sm-8c8">
         <name>abort</name>
         <value>0x112b4</value>
         <object_component_ref idref="oc-6cb"/>
      </symbol>
      <symbol id="sm-8d8">
         <name>memcpy</name>
         <value>0x1123e</value>
         <object_component_ref idref="oc-617"/>
      </symbol>
   </symbol_table>
   <title>Link successful</title>
</link_info>
